// Jest Snapshot v1, https://goo.gl/fbAQLP

exports[`EPCUtils.encodeEpcHexFromGiai works as expected 1`] = `
{
  "123456.1": [
    "3418789000005AF3107A670F",
    "341878900000B5E620F47FFF",
  ],
  "123456.46115": [
    "341878903FFF56D135B6E70F",
    "341878903FFFB1C44630FFFF",
  ],
  "123456.46116": [
    "3418789006665E93A09EA70F",
    "34187890066667ABEF111FFF",
  ],
  "123456.461167": [
    "341878903FFFF16E6B53870F",
    "341878903FFFFA86B9C5FFFF",
  ],
  "123456.461168": [
    "34187890066665DA45C7270F",
    "34187890066666C31A6C0FFF",
  ],
  "123456.4611685": [
    "341878903FFFFF12E0FF770F",
    "341878903FFFFFFBB5A45FFF",
  ],
  "1234567.1": [
    "34144B5A1C005AF3107A670F",
    "34144B5A1C00B5E620F47FFF",
  ],
  "1234567.2881": [
    "34144B5A1FFF896C6FCA670F",
    "34144B5A1FFFE45F80447FFF",
  ],
  "1234567.2882": [
    "34144B5A1C6663A3266D670F",
    "34144B5A1C666CBB74DFDFFF",
  ],
  "1234567.28822": [
    "34144B5A1FFFF6901D29E70F",
    "34144B5A1FFFFFA86B9C5FFF",
  ],
  "1234567.288229": [
    "34144B5A1FFFFEBF96F7770F",
    "34144B5A1FFFFFA86B9C5FFF",
  ],
  "1234567.28823": [
    "34144B5A1C66665DA45C970F",
    "34144B5A1C66674679017FFF",
  ],
  "12345678.1": [
    "34105E30A7005AF3107A670F",
    "34105E30A700B5E620F47FFF",
  ],
  "12345678.359": [
    "34105E30A77F8ADC1B6FE70F",
    "34105E30A77FE5CF2BE9FFFF",
  ],
  "12345678.360": [
    "34105E30A70CCA2E5131270F",
    "34105E30A70CD3469FA39FFF",
  ],
  "12345678.3601": [
    "34105E30A77FEEE77A5CC70F",
    "34105E30A77FF7FFC8CF3FFF",
  ],
  "12345678.3602": [
    "34105E30A70CCBFFFA7B470F",
    "34105E30A70CCCE8CF202FFF",
  ],
  "12345678.36027": [
    "34105E30A77FFE5D9952D70F",
    "34105E30A77FFF466DF7BFFF",
  ],
  "123456789.1": [
    "340C75BCD1505AF3107A670F",
    "340C75BCD150B5E620F47FFF",
  ],
  "123456789.44": [
    "340C75BCD15FA1C6D503270F",
    "340C75BCD15FFCB9E57D3FFF",
  ],
  "123456789.449": [
    "340C75BCD15FF3A1970AC70F",
    "340C75BCD15FFCB9E57D3FFF",
  ],
  "123456789.45": [
    "340C75BCD1519945CA26470F",
    "340C75BCD151A25E1898BFFF",
  ],
  "123456789.450": [
    "340C75BCD1519945CA26470F",
    "340C75BCD1519A2E9ECB2FFF",
  ],
  "123456789.4502": [
    "340C75BCD15FFE8B8EC7870F",
    "340C75BCD15FFF74636C6FFF",
  ],
  "1234567890.1": [
    "3408499602D25AF3107A670F",
    "3408499602D2B5E620F47FFF",
  ],
  "1234567890.2": [
    "3408499602D212309CE5670F",
    "3408499602D21B48EB57DFFF",
  ],
  "1234567890.27": [
    "3408499602D2F5904617070F",
    "3408499602D2FEA894897FFF",
  ],
  "1234567890.28": [
    "3408499602D21977420DE70F",
    "3408499602D21A6016B2CFFF",
  ],
  "1234567890.280": [
    "3408499602D2FEA89489A70F",
    "3408499602D2FF91692E8FFF",
  ],
  "12345678901.1": [
    "34045BFB8386A9184E72C70F",
    "34045BFB8386B2309CE53FFF",
  ],
  "12345678901.2": [
    "34045BFB8386B2309CE5670F",
    "34045BFB8386BB48EB57DFFF",
  ],
  "12345678901.3": [
    "34045BFB8386A2BA7DEF570F",
    "34045BFB8386A3A352943FFF",
  ],
  "12345678901.34": [
    "34045BFB8386BEEC3DEC470F",
    "34045BFB8386BFD512912FFF",
  ],
  "123456789012.1": [
    "340072FA646850E8D4A5370F",
    "340072FA646851D1A94A1FFF",
  ],
  "123456789012.3": [
    "340072FA646852BA7DEF570F",
    "340072FA646853A352943FFF",
  ],
}
`;

exports[`EPCUtils.encodeGiaiFromIndividualAssetReference works as expected 1`] = `
{
  "123456.1": [
    "urn:epc:tag:giai-96:0.123456.100000000009999",
    "urn:epc:tag:giai-96:0.123456.199999999999999",
  ],
  "123456.46115": [
    "urn:epc:tag:giai-96:0.123456.4611500000000009999",
    "urn:epc:tag:giai-96:0.123456.4611599999999999999",
  ],
  "123456.46116": [
    "urn:epc:tag:giai-96:0.123456.461160000000009999",
    "urn:epc:tag:giai-96:0.123456.461169999999999999",
  ],
  "123456.461167": [
    "urn:epc:tag:giai-96:0.123456.4611670000000009999",
    "urn:epc:tag:giai-96:0.123456.4611679999999999999",
  ],
  "123456.461168": [
    "urn:epc:tag:giai-96:0.123456.461168000000009999",
    "urn:epc:tag:giai-96:0.123456.461168999999999999",
  ],
  "123456.4611685": [
    "urn:epc:tag:giai-96:0.123456.4611685000000009999",
    "urn:epc:tag:giai-96:0.123456.4611685999999999999",
  ],
  "1234567.1": [
    "urn:epc:tag:giai-96:0.1234567.100000000009999",
    "urn:epc:tag:giai-96:0.1234567.199999999999999",
  ],
  "1234567.2881": [
    "urn:epc:tag:giai-96:0.1234567.288100000000009999",
    "urn:epc:tag:giai-96:0.1234567.288199999999999999",
  ],
  "1234567.2882": [
    "urn:epc:tag:giai-96:0.1234567.28820000000009999",
    "urn:epc:tag:giai-96:0.1234567.28829999999999999",
  ],
  "1234567.28822": [
    "urn:epc:tag:giai-96:0.1234567.288220000000009999",
    "urn:epc:tag:giai-96:0.1234567.288229999999999999",
  ],
  "1234567.288229": [
    "urn:epc:tag:giai-96:0.1234567.288229000000009999",
    "urn:epc:tag:giai-96:0.1234567.288229999999999999",
  ],
  "1234567.28823": [
    "urn:epc:tag:giai-96:0.1234567.28823000000009999",
    "urn:epc:tag:giai-96:0.1234567.28823999999999999",
  ],
  "12345678.1": [
    "urn:epc:tag:giai-96:0.12345678.100000000009999",
    "urn:epc:tag:giai-96:0.12345678.199999999999999",
  ],
  "12345678.359": [
    "urn:epc:tag:giai-96:0.12345678.35900000000009999",
    "urn:epc:tag:giai-96:0.12345678.35999999999999999",
  ],
  "12345678.360": [
    "urn:epc:tag:giai-96:0.12345678.3600000000009999",
    "urn:epc:tag:giai-96:0.12345678.3609999999999999",
  ],
  "12345678.3601": [
    "urn:epc:tag:giai-96:0.12345678.36010000000009999",
    "urn:epc:tag:giai-96:0.12345678.36019999999999999",
  ],
  "12345678.3602": [
    "urn:epc:tag:giai-96:0.12345678.3602000000009999",
    "urn:epc:tag:giai-96:0.12345678.3602999999999999",
  ],
  "12345678.36027": [
    "urn:epc:tag:giai-96:0.12345678.36027000000009999",
    "urn:epc:tag:giai-96:0.12345678.36027999999999999",
  ],
  "123456789.1": [
    "urn:epc:tag:giai-96:0.123456789.100000000009999",
    "urn:epc:tag:giai-96:0.123456789.199999999999999",
  ],
  "123456789.44": [
    "urn:epc:tag:giai-96:0.123456789.4400000000009999",
    "urn:epc:tag:giai-96:0.123456789.4499999999999999",
  ],
  "123456789.449": [
    "urn:epc:tag:giai-96:0.123456789.4490000000009999",
    "urn:epc:tag:giai-96:0.123456789.4499999999999999",
  ],
  "123456789.45": [
    "urn:epc:tag:giai-96:0.123456789.450000000009999",
    "urn:epc:tag:giai-96:0.123456789.459999999999999",
  ],
  "123456789.450": [
    "urn:epc:tag:giai-96:0.123456789.450000000009999",
    "urn:epc:tag:giai-96:0.123456789.450999999999999",
  ],
  "123456789.4502": [
    "urn:epc:tag:giai-96:0.123456789.4502000000009999",
    "urn:epc:tag:giai-96:0.123456789.4502999999999999",
  ],
  "1234567890.1": [
    "urn:epc:tag:giai-96:0.1234567890.100000000009999",
    "urn:epc:tag:giai-96:0.1234567890.199999999999999",
  ],
  "1234567890.2": [
    "urn:epc:tag:giai-96:0.1234567890.20000000009999",
    "urn:epc:tag:giai-96:0.1234567890.29999999999999",
  ],
  "1234567890.27": [
    "urn:epc:tag:giai-96:0.1234567890.270000000009999",
    "urn:epc:tag:giai-96:0.1234567890.279999999999999",
  ],
  "1234567890.28": [
    "urn:epc:tag:giai-96:0.1234567890.28000000009999",
    "urn:epc:tag:giai-96:0.1234567890.28999999999999",
  ],
  "1234567890.280": [
    "urn:epc:tag:giai-96:0.1234567890.280000000009999",
    "urn:epc:tag:giai-96:0.1234567890.280999999999999",
  ],
  "12345678901.1": [
    "urn:epc:tag:giai-96:0.12345678901.10000000009999",
    "urn:epc:tag:giai-96:0.12345678901.19999999999999",
  ],
  "12345678901.2": [
    "urn:epc:tag:giai-96:0.12345678901.20000000009999",
    "urn:epc:tag:giai-96:0.12345678901.29999999999999",
  ],
  "12345678901.3": [
    "urn:epc:tag:giai-96:0.12345678901.3000000009999",
    "urn:epc:tag:giai-96:0.12345678901.3999999999999",
  ],
  "12345678901.34": [
    "urn:epc:tag:giai-96:0.12345678901.34000000009999",
    "urn:epc:tag:giai-96:0.12345678901.34999999999999",
  ],
  "123456789012.1": [
    "urn:epc:tag:giai-96:0.123456789012.1000000009999",
    "urn:epc:tag:giai-96:0.123456789012.1999999999999",
  ],
  "123456789012.3": [
    "urn:epc:tag:giai-96:0.123456789012.3000000009999",
    "urn:epc:tag:giai-96:0.123456789012.3999999999999",
  ],
}
`;

exports[`EPCUtils.encodeIndividualAssetReference works as expected 1`] = `
{
  "123456.1": "9999.999999.9999",
  "123456.46115": "9999.999999.9999",
  "123456.46116": "999.999999.9999",
  "123456.461167": "999.999999.9999",
  "123456.461168": "9999.9999.9999",
  "123456.4611685": "9999.9999.9999",
  "1234567.1": "9999.999999.9999",
  "1234567.2881": "9999.999999.9999",
  "1234567.2882": "999.999999.9999",
  "1234567.28822": "999.999999.9999",
  "1234567.288229": "9999.9999.9999",
  "1234567.28823": "9999.9999.9999",
  "12345678.1": "9999.999999.9999",
  "12345678.359": "9999.999999.9999",
  "12345678.360": "999.999999.9999",
  "12345678.3601": "999.999999.9999",
  "12345678.3602": "9999.9999.9999",
  "12345678.36027": "9999.9999.9999",
  "123456789.1": "9999.999999.9999",
  "123456789.44": "9999.999999.9999",
  "123456789.449": "999.999999.9999",
  "123456789.45": "999.999999.9999",
  "123456789.450": "9999.9999.9999",
  "123456789.4502": "9999.9999.9999",
  "1234567890.1": "9999.999999.9999",
  "1234567890.2": "999.999999.9999",
  "1234567890.27": "999.999999.9999",
  "1234567890.28": "9999.9999.9999",
  "1234567890.280": "9999.9999.9999",
  "12345678901.1": "999.999999.9999",
  "12345678901.2": "999.999999.9999",
  "12345678901.3": "9999.9999.9999",
  "12345678901.34": "9999.9999.9999",
  "123456789012.1": "9999.9999.9999",
  "123456789012.3": "9999.9999.9999",
}
`;

exports[`EPCUtils.getCollectionReferenceDigits works as expected 1`] = `
{
  "123456.1": 4,
  "123456.46115": 4,
  "123456.46116": 3,
  "123456.461167": 3,
  "123456.461168": 4,
  "123456.4611685": 4,
  "1234567.1": 4,
  "1234567.2881": 4,
  "1234567.2882": 3,
  "1234567.28822": 3,
  "1234567.288229": 4,
  "1234567.28823": 4,
  "12345678.1": 4,
  "12345678.359": 4,
  "12345678.360": 3,
  "12345678.3601": 3,
  "12345678.3602": 4,
  "12345678.36027": 4,
  "123456789.1": 4,
  "123456789.44": 4,
  "123456789.449": 3,
  "123456789.45": 3,
  "123456789.450": 4,
  "123456789.4502": 4,
  "1234567890.1": 4,
  "1234567890.2": 3,
  "1234567890.27": 3,
  "1234567890.28": 4,
  "1234567890.280": 4,
  "12345678901.1": 3,
  "12345678901.2": 3,
  "12345678901.3": 4,
  "12345678901.34": 4,
  "123456789012.1": 4,
  "123456789012.3": 4,
}
`;

exports[`EPCUtils.getEpcFilter works as expected 1`] = `
{
  "123456.1": "341878900000",
  "123456.46115": "341878903FFF",
  "123456.46116": "341878900666",
  "123456.461167": "341878903FFFF",
  "123456.461168": "3418789006666",
  "123456.4611685": "341878903FFFFF",
  "1234567.1": "34144B5A1C00",
  "1234567.2881": "34144B5A1FFF",
  "1234567.2882": "34144B5A1C666",
  "1234567.28822": "34144B5A1FFFF",
  "1234567.288229": "34144B5A1FFFF",
  "1234567.28823": "34144B5A1C666",
  "12345678.1": "34105E30A700",
  "12345678.359": "34105E30A77F",
  "12345678.360": "34105E30A70C",
  "12345678.3601": "34105E30A77F",
  "12345678.3602": "34105E30A70CC",
  "12345678.36027": "34105E30A77FF",
  "123456789.1": "340C75BCD150",
  "123456789.44": "340C75BCD15F",
  "123456789.449": "340C75BCD15FF",
  "123456789.45": "340C75BCD151",
  "123456789.450": "340C75BCD1519",
  "123456789.4502": "340C75BCD15FF",
  "1234567890.1": "3408499602D2",
  "1234567890.2": "3408499602D21",
  "1234567890.27": "3408499602D2F",
  "1234567890.28": "3408499602D21",
  "1234567890.280": "3408499602D2F",
  "12345678901.1": "34045BFB8386",
  "12345678901.2": "34045BFB8386B",
  "12345678901.3": "34045BFB8386A",
  "12345678901.34": "34045BFB8386B",
  "123456789012.1": "340072FA64685",
  "123456789012.3": "340072FA64685",
}
`;

exports[`EPCUtils.getItemReferenceDigits works as expected 1`] = `
{
  "123456.1": 6,
  "123456.461167": 6,
  "123456.461168": 4,
  "123456.4611685": 4,
  "1234567.1": 6,
  "1234567.28822": 6,
  "1234567.288229": 4,
  "1234567.28823": 4,
  "12345678.1": 6,
  "12345678.3601": 6,
  "12345678.3602": 4,
  "12345678.36027": 4,
  "123456789.1": 6,
  "123456789.449": 6,
  "123456789.450": 4,
  "123456789.4502": 4,
  "1234567890.1": 6,
  "1234567890.27": 6,
  "1234567890.28": 4,
  "1234567890.280": 4,
  "12345678901.1": 6,
  "12345678901.2": 6,
  "12345678901.3": 4,
  "12345678901.34": 4,
  "123456789012.1": 4,
  "123456789012.3": 4,
}
`;

exports[`EPCUtils.getMaxIarPrefix works as expected 1`] = `
{
  "123456": 4611685,
  "1234567": 288229,
  "12345678": 36027,
  "123456789": 4502,
  "1234567890": 280,
  "12345678901": 34,
  "123456789012": 3,
}
`;

exports[`EPCUtils.getMaxNsIarPrefix works as expected 1`] = `
{
  "123456": 46115,
  "1234567": 2881,
  "12345678": 359,
  "123456789": 44,
  "1234567890": 1,
  "12345678901": 2,
  "123456789012": 3,
}
`;
