// Jest Snapshot v1, https://goo.gl/fbAQLP

exports[`validate for item validates if collection_id is an ID of a existing collection 1`] = `
[
  {
    "code": "custom",
    "message": "Can't find collection with ID "no_such_collection"",
    "path": [
      "collection_id",
    ],
  },
]
`;
