// Jest Snapshot v1, https://goo.gl/fbAQLP

exports[`data-histories restoreHistory throws error if restoring will cause an invalid datum: collection collection_reference_number already used 1`] = `
[
  {
    "code": "custom",
    "message": "Must be unique (reference number 1002 is already taken by collection "Collection to make collection_reference_number collision on restore")",
    "path": [
      "collection_reference_number",
    ],
  },
]
`;

exports[`fixDataConsistency works: fixDataConsistencyResults-collection 1`] = `
{
  "done": 2,
  "errored": 1,
  "errors": [
    {
      "error": [Error: Name: cannot be blank.],
      "id": "sample-invalid-collection-id",
      "type": "collection",
    },
  ],
  "total": 2,
}
`;

exports[`fixDataConsistency works: fixDataConsistencyResults-item 1`] = `
{
  "done": 11,
  "total": 11,
  "updated": 1,
}
`;

exports[`getAllAttachmentInfoFromDatum works 1`] = `
{
  "image-1440": {
    "content_type": "image/png",
    "digest": "md5-IgK4BCejTD2lzMCXOGwXLw==",
    "size": 271,
  },
  "thumbnail-128": {
    "content_type": "image/png",
    "digest": "md5-IgK4BCejTD2lzMCXOGwXLw==",
    "size": 271,
  },
}
`;

exports[`saveDatum validates the data: collection collection_reference_number already used 1`] = `
[
  {
    "code": "custom",
    "message": "Must be unique (reference number 0001 is already taken by collection "Collection")",
    "path": [
      "collection_reference_number",
    ],
  },
]
`;

exports[`saveDatum validates the data: collection name empty 1`] = `
[
  {
    "code": "too_small",
    "exact": false,
    "inclusive": true,
    "message": "Cannot be blank",
    "minimum": 1,
    "path": [
      "name",
    ],
    "type": "string",
  },
]
`;

exports[`saveDatum validates the data: collection name missing 1`] = `
[
  {
    "code": "invalid_type",
    "expected": "string",
    "message": "Required",
    "path": [
      "name",
    ],
    "received": "undefined",
  },
]
`;
